Developer Ivan~Ivanov 100000 ivanovich
LeadDeveloper Sasha~Smith 150000 sasha150 WORLD
Developer John~Ronald~Reuel~Tolkien 100500 jrr
