> > > > > > 3 developer(s) found:
1. Ivan Ivanov aka @ivanovich
2. Sasha Smith aka @sasha150
3. John Ronald Reuel Tolkien aka @jrr
> 