Manager Petr~Petrov 80000 HW
LeadDeveloper Sasha~Smith 150000 sasha150 WORLD
