1.000
0.500
0.250
1.250
1.500
Error 5:
  (10+56
  ......^
35.000
18.000
Error 7:
  +5++6++7)
  ........^
Error 5:
  (100@56*2)
  ....^
2.828
